{
  "version": "1.5.0",
  "plugins_used": [
    {
      "name": "ArtifactoryDetector"
    },
    {
      "name": "AWSKeyDetector"
    },
    {
      "name": "AzureStorageKeyDetector"
    },
    {
      "name": "Base64HighEntropyString",
      "limit": 4.5
    },
    {
      "name": "BasicAuthDetector"
    },
    {
      "name": "CloudantDetector"
    },
    {
      "name": "DiscordBotTokenDetector"
    },
    {
      "name": "GitHubTokenDetector"
    },
    {
      "name": "GitLabTokenDetector"
    },
    {
      "name": "HexHighEntropyString",
      "limit": 3.0
    },
    {
      "name": "IbmCloudIamDetector"
    },
    {
      "name": "IbmCosHmacDetector"
    },
    {
      "name": "IPPublicDetector"
    },
    {
      "name": "JwtTokenDetector"
    },
    {
      "name": "KeywordDetector",
      "keyword_exclude": ""
    },
    {
      "name": "MailchimpDetector"
    },
    {
      "name": "NpmDetector"
    },
    {
      "name": "OpenAIDetector"
    },
    {
      "name": "PrivateKeyDetector"
    },
    {
      "name": "PypiTokenDetector"
    },
    {
      "name": "SendGridDetector"
    },
    {
      "name": "SlackDetector"
    },
    {
      "name": "SoftlayerDetector"
    },
    {
      "name": "SquareOAuthDetector"
    },
    {
      "name": "StripeDetector"
    },
    {
      "name": "TelegramBotTokenDetector"
    },
    {
      "name": "TwilioKeyDetector"
    }
  ],
  "filters_used": [
    {
      "path": "detect_secrets.filters.allowlist.is_line_allowlisted"
    },
    {
      "path": "detect_secrets.filters.common.is_ignored_due_to_verification_policies",
      "min_level": 2
    },
    {
      "path": "detect_secrets.filters.heuristic.is_indirect_reference"
    },
    {
      "path": "detect_secrets.filters.heuristic.is_likely_id_string"
    },
    {
      "path": "detect_secrets.filters.heuristic.is_lock_file"
    },
    {
      "path": "detect_secrets.filters.heuristic.is_not_alphanumeric_string"
    },
    {
      "path": "detect_secrets.filters.heuristic.is_potential_uuid"
    },
    {
      "path": "detect_secrets.filters.heuristic.is_prefixed_with_dollar_sign"
    },
    {
      "path": "detect_secrets.filters.heuristic.is_sequential_string"
    },
    {
      "path": "detect_secrets.filters.heuristic.is_swagger_file"
    },
    {
      "path": "detect_secrets.filters.heuristic.is_templated_secret"
    }
  ],
  "results": {
    "vendor/composer/autoload_files.php": [
      {
        "type": "Hex High Entropy String",
        "filename": "vendor/composer/autoload_files.php",
        "hashed_secret": "b48cad15cb71aa41c81c49a50fbff890f1a8a06e",
        "is_verified": false,
        "line_number": 9
      },
      {
        "type": "Hex High Entropy String",
        "filename": "vendor/composer/autoload_files.php",
        "hashed_secret": "56971aa42c168387b0bf6268b7ff638135faff9a",
        "is_verified": false,
        "line_number": 10
      },
      {
        "type": "Hex High Entropy String",
        "filename": "vendor/composer/autoload_files.php",
        "hashed_secret": "5983f97ed27f69104f657d4882cd4864b1b43351",
        "is_verified": false,
        "line_number": 11
      },
      {
        "type": "Hex High Entropy String",
        "filename": "vendor/composer/autoload_files.php",
        "hashed_secret": "06c0d37095009d8449bfbe666672e10787d785c6",
        "is_verified": false,
        "line_number": 12
      },
      {
        "type": "Hex High Entropy String",
        "filename": "vendor/composer/autoload_files.php",
        "hashed_secret": "271220f1c08b3ce357340cd699f58b73fde71dfc",
        "is_verified": false,
        "line_number": 13
      }
    ],
    "vendor/composer/autoload_real.php": [
      {
        "type": "Base64 High Entropy String",
        "filename": "vendor/composer/autoload_real.php",
        "hashed_secret": "a3d3393c9428139267ac12464c2745d07bc6d14f",
        "is_verified": false,
        "line_number": 27
      }
    ],
    "vendor/composer/autoload_static.php": [
      {
        "type": "Hex High Entropy String",
        "filename": "vendor/composer/autoload_static.php",
        "hashed_secret": "b48cad15cb71aa41c81c49a50fbff890f1a8a06e",
        "is_verified": false,
        "line_number": 10
      },
      {
        "type": "Hex High Entropy String",
        "filename": "vendor/composer/autoload_static.php",
        "hashed_secret": "56971aa42c168387b0bf6268b7ff638135faff9a",
        "is_verified": false,
        "line_number": 11
      },
      {
        "type": "Hex High Entropy String",
        "filename": "vendor/composer/autoload_static.php",
        "hashed_secret": "5983f97ed27f69104f657d4882cd4864b1b43351",
        "is_verified": false,
        "line_number": 12
      },
      {
        "type": "Hex High Entropy String",
        "filename": "vendor/composer/autoload_static.php",
        "hashed_secret": "06c0d37095009d8449bfbe666672e10787d785c6",
        "is_verified": false,
        "line_number": 13
      },
      {
        "type": "Hex High Entropy String",
        "filename": "vendor/composer/autoload_static.php",
        "hashed_secret": "271220f1c08b3ce357340cd699f58b73fde71dfc",
        "is_verified": false,
        "line_number": 14
      }
    ],
    "vendor/composer/installed.json": [
      {
        "type": "Hex High Entropy String",
        "filename": "vendor/composer/installed.json",
        "hashed_secret": "1f71ab16c9f81e3ec2f2c27bcaa34c5e99641f95",
        "is_verified": false,
        "line_number": 10
      },
      {
        "type": "Hex High Entropy String",
        "filename": "vendor/composer/installed.json",
        "hashed_secret": "ff9392cf92514a42710a77e7c2e17abec2d4a14b",
        "is_verified": false,
        "line_number": 59
      },
      {
        "type": "Hex High Entropy String",
        "filename": "vendor/composer/installed.json",
        "hashed_secret": "210c824c249468dc9544d7fe82e758f56b728462",
        "is_verified": false,
        "line_number": 107
      },
      {
        "type": "Hex High Entropy String",
        "filename": "vendor/composer/installed.json",
        "hashed_secret": "6f557bf28c5b178264b3aabc125be3c663039470",
        "is_verified": false,
        "line_number": 155
      },
      {
        "type": "Hex High Entropy String",
        "filename": "vendor/composer/installed.json",
        "hashed_secret": "ec97580cc1c0650e50d69e97700241b4c7c7a6bf",
        "is_verified": false,
        "line_number": 203
      },
      {
        "type": "Hex High Entropy String",
        "filename": "vendor/composer/installed.json",
        "hashed_secret": "cca9c7baa4075a8b441f686bdad6330143195213",
        "is_verified": false,
        "line_number": 246
      },
      {
        "type": "Hex High Entropy String",
        "filename": "vendor/composer/installed.json",
        "hashed_secret": "43a9e8ea47ecf5ed5b4484525a32dd3409b610e8",
        "is_verified": false,
        "line_number": 300
      },
      {
        "type": "Hex High Entropy String",
        "filename": "vendor/composer/installed.json",
        "hashed_secret": "dd14124443d11b0bc407c556b45cb38a47622da1",
        "is_verified": false,
        "line_number": 429
      },
      {
        "type": "Hex High Entropy String",
        "filename": "vendor/composer/installed.json",
        "hashed_secret": "cea53686b9d941fc5b7eb5872e4fbbc3889fd0fe",
        "is_verified": false,
        "line_number": 515
      },
      {
        "type": "Hex High Entropy String",
        "filename": "vendor/composer/installed.json",
        "hashed_secret": "2b1a1403fb7e292d816a929f117c3527647327d5",
        "is_verified": false,
        "line_number": 635
      },
      {
        "type": "Hex High Entropy String",
        "filename": "vendor/composer/installed.json",
        "hashed_secret": "154c8f4f81bd76b07d06d00819c2eee47088ad65",
        "is_verified": false,
        "line_number": 705
      },
      {
        "type": "Hex High Entropy String",
        "filename": "vendor/composer/installed.json",
        "hashed_secret": "6b8c126c2da45739ceb34673c51aedccd053d62c",
        "is_verified": false,
        "line_number": 761
      },
      {
        "type": "Hex High Entropy String",
        "filename": "vendor/composer/installed.json",
        "hashed_secret": "8f29d22febc5cedb189a6db4c8d591064ac5ba76",
        "is_verified": false,
        "line_number": 816
      },
      {
        "type": "Hex High Entropy String",
        "filename": "vendor/composer/installed.json",
        "hashed_secret": "c036fcda121bae9b2317174ea561ab1c7f7777ca",
        "is_verified": false,
        "line_number": 874
      },
      {
        "type": "Hex High Entropy String",
        "filename": "vendor/composer/installed.json",
        "hashed_secret": "8216455a5ff6a28a855e2e6e14ed1c1f3dc25b02",
        "is_verified": false,
        "line_number": 930
      },
      {
        "type": "Hex High Entropy String",
        "filename": "vendor/composer/installed.json",
        "hashed_secret": "594a03b23f6718f8e6e3f78cdc4124b29700b3eb",
        "is_verified": false,
        "line_number": 977
      },
      {
        "type": "Hex High Entropy String",
        "filename": "vendor/composer/installed.json",
        "hashed_secret": "bbe7909536531d894bd8738944591136462f3f79",
        "is_verified": false,
        "line_number": 1037
      }
    ],
    "vendor/composer/installed.php": [
      {
        "type": "Hex High Entropy String",
        "filename": "vendor/composer/installed.php",
        "hashed_secret": "5e9f494237ed883c1fb983043bb3eade01058ba6",
        "is_verified": false,
        "line_number": 6
      },
      {
        "type": "Hex High Entropy String",
        "filename": "vendor/composer/installed.php",
        "hashed_secret": "1f71ab16c9f81e3ec2f2c27bcaa34c5e99641f95",
        "is_verified": false,
        "line_number": 25
      },
      {
        "type": "Hex High Entropy String",
        "filename": "vendor/composer/installed.php",
        "hashed_secret": "ff9392cf92514a42710a77e7c2e17abec2d4a14b",
        "is_verified": false,
        "line_number": 34
      },
      {
        "type": "Hex High Entropy String",
        "filename": "vendor/composer/installed.php",
        "hashed_secret": "210c824c249468dc9544d7fe82e758f56b728462",
        "is_verified": false,
        "line_number": 43
      },
      {
        "type": "Hex High Entropy String",
        "filename": "vendor/composer/installed.php",
        "hashed_secret": "6f557bf28c5b178264b3aabc125be3c663039470",
        "is_verified": false,
        "line_number": 52
      },
      {
        "type": "Hex High Entropy String",
        "filename": "vendor/composer/installed.php",
        "hashed_secret": "ec97580cc1c0650e50d69e97700241b4c7c7a6bf",
        "is_verified": false,
        "line_number": 61
      },
      {
        "type": "Hex High Entropy String",
        "filename": "vendor/composer/installed.php",
        "hashed_secret": "cca9c7baa4075a8b441f686bdad6330143195213",
        "is_verified": false,
        "line_number": 70
      },
      {
        "type": "Hex High Entropy String",
        "filename": "vendor/composer/installed.php",
        "hashed_secret": "43a9e8ea47ecf5ed5b4484525a32dd3409b610e8",
        "is_verified": false,
        "line_number": 79
      },
      {
        "type": "Hex High Entropy String",
        "filename": "vendor/composer/installed.php",
        "hashed_secret": "dd14124443d11b0bc407c556b45cb38a47622da1",
        "is_verified": false,
        "line_number": 88
      },
      {
        "type": "Hex High Entropy String",
        "filename": "vendor/composer/installed.php",
        "hashed_secret": "cea53686b9d941fc5b7eb5872e4fbbc3889fd0fe",
        "is_verified": false,
        "line_number": 97
      },
      {
        "type": "Hex High Entropy String",
        "filename": "vendor/composer/installed.php",
        "hashed_secret": "2b1a1403fb7e292d816a929f117c3527647327d5",
        "is_verified": false,
        "line_number": 106
      },
      {
        "type": "Hex High Entropy String",
        "filename": "vendor/composer/installed.php",
        "hashed_secret": "154c8f4f81bd76b07d06d00819c2eee47088ad65",
        "is_verified": false,
        "line_number": 115
      },
      {
        "type": "Hex High Entropy String",
        "filename": "vendor/composer/installed.php",
        "hashed_secret": "6b8c126c2da45739ceb34673c51aedccd053d62c",
        "is_verified": false,
        "line_number": 124
      },
      {
        "type": "Hex High Entropy String",
        "filename": "vendor/composer/installed.php",
        "hashed_secret": "8f29d22febc5cedb189a6db4c8d591064ac5ba76",
        "is_verified": false,
        "line_number": 139
      },
      {
        "type": "Hex High Entropy String",
        "filename": "vendor/composer/installed.php",
        "hashed_secret": "c036fcda121bae9b2317174ea561ab1c7f7777ca",
        "is_verified": false,
        "line_number": 154
      },
      {
        "type": "Hex High Entropy String",
        "filename": "vendor/composer/installed.php",
        "hashed_secret": "8216455a5ff6a28a855e2e6e14ed1c1f3dc25b02",
        "is_verified": false,
        "line_number": 169
      },
      {
        "type": "Hex High Entropy String",
        "filename": "vendor/composer/installed.php",
        "hashed_secret": "594a03b23f6718f8e6e3f78cdc4124b29700b3eb",
        "is_verified": false,
        "line_number": 178
      },
      {
        "type": "Hex High Entropy String",
        "filename": "vendor/composer/installed.php",
        "hashed_secret": "bbe7909536531d894bd8738944591136462f3f79",
        "is_verified": false,
        "line_number": 187
      }
    ],
    "vendor/delight-im/auth/src/PasswordHash.php": [
      {
        "type": "Hex High Entropy String",
        "filename": "vendor/delight-im/auth/src/PasswordHash.php",
        "hashed_secret": "dfa09fb9bab756b26213c39349828eed3af3f1a0",
        "is_verified": false,
        "line_number": 14
      }
    ],
    "vendor/delight-im/base64/README.md": [
      {
        "type": "Base64 High Entropy String",
        "filename": "vendor/delight-im/base64/README.md",
        "hashed_secret": "a3e7c1d23a70c657ff844d2414f49a036d50f332",
        "is_verified": false,
        "line_number": 31
      },
      {
        "type": "Base64 High Entropy String",
        "filename": "vendor/delight-im/base64/README.md",
        "hashed_secret": "f4db19a431648dbee33d7ec981d3403175c030dc",
        "is_verified": false,
        "line_number": 63
      }
    ],
    "vendor/delight-im/cookie/README.md": [
      {
        "type": "Hex High Entropy String",
        "filename": "vendor/delight-im/cookie/README.md",
        "hashed_secret": "5e5df11ba0a814d092b4d5192cb0bb2bb12e04b8",
        "is_verified": false,
        "line_number": 45
      }
    ],
    "vendor/delight-im/cookie/tests/index.php": [
      {
        "type": "Hex High Entropy String",
        "filename": "vendor/delight-im/cookie/tests/index.php",
        "hashed_secret": "5e5df11ba0a814d092b4d5192cb0bb2bb12e04b8",
        "is_verified": false,
        "line_number": 104
      },
      {
        "type": "Hex High Entropy String",
        "filename": "vendor/delight-im/cookie/tests/index.php",
        "hashed_secret": "150f9ae11f0be302bab52c37a7dcf0334d120ae7",
        "is_verified": false,
        "line_number": 152
      },
      {
        "type": "Hex High Entropy String",
        "filename": "vendor/delight-im/cookie/tests/index.php",
        "hashed_secret": "28796080f38408192c0fbcad85eb34668c993ac5",
        "is_verified": false,
        "line_number": 157
      },
      {
        "type": "Hex High Entropy String",
        "filename": "vendor/delight-im/cookie/tests/index.php",
        "hashed_secret": "9070b446825b0184c25a245960890e194cdf10e2",
        "is_verified": false,
        "line_number": 167
      },
      {
        "type": "Hex High Entropy String",
        "filename": "vendor/delight-im/cookie/tests/index.php",
        "hashed_secret": "4f6273b010c173b4039b19815ec54636cb72d6fe",
        "is_verified": false,
        "line_number": 178
      },
      {
        "type": "Hex High Entropy String",
        "filename": "vendor/delight-im/cookie/tests/index.php",
        "hashed_secret": "dc416d356f39d83ccd9ad40ac95c47bcdacd12e6",
        "is_verified": false,
        "line_number": 185
      },
      {
        "type": "Hex High Entropy String",
        "filename": "vendor/delight-im/cookie/tests/index.php",
        "hashed_secret": "c1d1abeaf6ec4dfdbc66cf8e8dcd87c04e571af5",
        "is_verified": false,
        "line_number": 192
      }
    ],
    "vendor/delight-im/db/tests/index.php": [
      {
        "type": "Hex High Entropy String",
        "filename": "vendor/delight-im/db/tests/index.php",
        "hashed_secret": "cb70ca5b1f6bccf3d06f69a0942bbf3e7c447704",
        "is_verified": false,
        "line_number": 43
      },
      {
        "type": "Hex High Entropy String",
        "filename": "vendor/delight-im/db/tests/index.php",
        "hashed_secret": "6c08cd9b19e22e71fb33bcd84036bf1ac5627b63",
        "is_verified": false,
        "line_number": 290
      }
    ],
    "vendor/phpstan/phpstan/bootstrap.php": [
      {
        "type": "Hex High Entropy String",
        "filename": "vendor/phpstan/phpstan/bootstrap.php",
        "hashed_secret": "99ec7a85cde60a5df3840fecf383c3a67546b465",
        "is_verified": false,
        "line_number": 51
      },
      {
        "type": "Hex High Entropy String",
        "filename": "vendor/phpstan/phpstan/bootstrap.php",
        "hashed_secret": "40f50c30819e07f92acfc5220c135611583714b3",
        "is_verified": false,
        "line_number": 60
      },
      {
        "type": "Hex High Entropy String",
        "filename": "vendor/phpstan/phpstan/bootstrap.php",
        "hashed_secret": "f19aaaef9b38d0b8473aae5564abcd337c54bbca",
        "is_verified": false,
        "line_number": 69
      },
      {
        "type": "Hex High Entropy String",
        "filename": "vendor/phpstan/phpstan/bootstrap.php",
        "hashed_secret": "e3b79ca830561c02adcd75f8769e01ad81aa5afc",
        "is_verified": false,
        "line_number": 79
      },
      {
        "type": "Hex High Entropy String",
        "filename": "vendor/phpstan/phpstan/bootstrap.php",
        "hashed_secret": "c4b32a43843c2a11f3d49ecdf1faad28e5960828",
        "is_verified": false,
        "line_number": 89
      },
      {
        "type": "Hex High Entropy String",
        "filename": "vendor/phpstan/phpstan/bootstrap.php",
        "hashed_secret": "08050dd211a0ce6e814a75ab9956d2b32d675ed8",
        "is_verified": false,
        "line_number": 99
      },
      {
        "type": "Hex High Entropy String",
        "filename": "vendor/phpstan/phpstan/bootstrap.php",
        "hashed_secret": "72e9537bf595622ab39858253e3dba05cf3a91ea",
        "is_verified": false,
        "line_number": 109
      },
      {
        "type": "Hex High Entropy String",
        "filename": "vendor/phpstan/phpstan/bootstrap.php",
        "hashed_secret": "3e458ea0d3f499b4837a763e4a03c8bf301f198d",
        "is_verified": false,
        "line_number": 119
      }
    ]
  },
  "generated_at": "2026-05-12T19:33:13Z"
}
